// Jest Snapshot v1, https://goo.gl/fbAQLP

exports[`serializableStateInvariantMiddleware allows ignoring state entirely 1`] = `""`;

exports[`serializableStateInvariantMiddleware ignored action paths can specify (multiple) different values 1`] = `""`;

exports[`serializableStateInvariantMiddleware ignored action paths can specify regexp 1`] = `""`;

exports[`serializableStateInvariantMiddleware ignored action paths default value: meta.arg 1`] = `""`;
